#-----------------------------------------------------------
# Vivado v2018.2.2 (64-bit)
# SW Build 2348494 on Mon Oct  1 18:25:44 MDT 2018
# IP Build 2318053 on Mon Oct  1 21:44:26 MDT 2018
# Start of session at: Fri Mar 15 16:29:35 2019
# Process ID: 4492
# Current directory: C:/Users/jpiam/Documents/GitHub/digi-cmdproc-interim/Vivado
# Command line: vivado.exe -gui_launcher_event rodinguilauncherevent7792 C:\Users\jpiam\Documents\GitHub\digi-cmdproc-interim\Vivado\190302_digi_cmd_interim_01.xpr
# Log file: C:/Users/jpiam/Documents/GitHub/digi-cmdproc-interim/Vivado/vivado.log
# Journal file: C:/Users/jpiam/Documents/GitHub/digi-cmdproc-interim/Vivado\vivado.jou
#-----------------------------------------------------------
start_gui
open_project C:/Users/jpiam/Documents/GitHub/digi-cmdproc-interim/Vivado/190302_digi_cmd_interim_01.xpr
update_compile_order -fileset sources_1
launch_simulation
open_wave_config C:/Users/jpiam/Documents/GitHub/digi-cmdproc-interim/Vivado/tb_cmdProc_interim_behav.wcfg
source tb_cmdProc_interim.tcl
current_wave_config {tb_cmdProc_interim_behav.wcfg}
add_wave {{/tb_cmdProc_interim/cmdProc1/numWords_bcd}} 
run 6 ms
close_sim
