#-----------------------------------------------------------
# Vivado v2018.2 (64-bit)
# SW Build 2258646 on Thu Jun 14 20:03:12 MDT 2018
# IP Build 2256618 on Thu Jun 14 22:10:49 MDT 2018
# Start of session at: Sun Mar 17 14:46:40 2019
# Process ID: 11932
# Current directory: C:/Users/sv17657/OneDrive - University of Bristol/DigiDesProject/digi-cmdproc-interim/Vivado
# Command line: vivado.exe -gui_launcher_event rodinguilauncherevent448 C:\Users\sv17657\OneDrive - University of Bristol\DigiDesProject\digi-cmdproc-interim\Vivado\190302_digi_cmd_interim_01.xpr
# Log file: C:/Users/sv17657/OneDrive - University of Bristol/DigiDesProject/digi-cmdproc-interim/Vivado/vivado.log
# Journal file: C:/Users/sv17657/OneDrive - University of Bristol/DigiDesProject/digi-cmdproc-interim/Vivado\vivado.jou
#-----------------------------------------------------------
ststart_guopen_project {C:/Users/sv17657/OneDrive - University of Bristol/DigiDesProject/digi-cmdproc-interim/Vivado/190302_digi_cmd_interim_01.xpr}
upopen_project {C:/Users/sv17657/OneDrive - University of Bristol/DigiDesProject/digi-cmdproc-interim/Vivado/190302_digi_cmd_interim_01.xpr}
update_compile_order -fileset sources_1
launch_simulation
